[2026-05-10 21:16:02] ============================================================
[2026-05-10 21:16:02] 🤖 JARVIS AUTO RUNNER — OPERATION OVERMIND
[2026-05-10 21:16:02] ============================================================
[2026-05-10 21:16:06] ⚠️  Server zaten çalışıyor — yeni instance başlatılmadı
[2026-05-10 21:16:06] ✅ Auto Runner aktif — Ctrl+C ile durdur
[2026-05-10 21:16:06] ============================================================
[2026-05-10 21:16:06] 📅 Scheduler aktif:
[2026-05-10 21:16:06]    • 02:00 curation
[2026-05-10 21:16:06]    • 08:00 sabah brifing
[2026-05-10 21:16:06]    • 22:00 akşam özeti
[2026-05-10 21:16:06]    • 23:00 günlük özet
[2026-05-10 21:16:06]    • Her 2 saat: self-improvement
[2026-05-10 21:39:18] ============================================================
[2026-05-10 21:39:18] 🤖 JARVIS AUTO RUNNER — OPERATION OVERMIND
[2026-05-10 21:39:18] ============================================================
[2026-05-10 21:39:22] ⚠️  Server zaten çalışıyor — yeni instance başlatılmadı
[2026-05-10 21:39:22] ✅ Auto Runner aktif — Ctrl+C ile durdur
[2026-05-10 21:39:22] ============================================================
[2026-05-10 21:39:22] 📅 Scheduler aktif:
[2026-05-10 21:39:22]    • 02:00 curation
[2026-05-10 21:39:22]    • 08:00 sabah brifing
[2026-05-10 21:39:22]    • 22:00 akşam özeti
[2026-05-10 21:39:22]    • 23:00 günlük özet
[2026-05-10 21:39:22]    • Her 2 saat: self-improvement
[2026-05-10 22:00:22] 🌙 Akşam özeti...
[2026-05-10 22:00:39] ✅ Özet: Merhaba Ahmet Fırat,

Bugünkü haberler:

- Dünya çapında koronavirüsün yayılımı devam ediyor ve bazı
[2026-05-10 22:07:47] ⏹  Durduruluyor...
[2026-05-10 22:16:22] ============================================================
[2026-05-10 22:16:22] 🤖 JARVIS AUTO RUNNER — OPERATION OVERMIND
[2026-05-10 22:16:22] ============================================================
[2026-05-10 22:16:26] ⚠️  Server zaten çalışıyor — yeni instance başlatılmadı
[2026-05-10 22:16:26] ✅ Auto Runner aktif — Ctrl+C ile durdur
[2026-05-10 22:16:26] ============================================================
[2026-05-10 22:16:26] 📅 Scheduler aktif:
[2026-05-10 22:16:26]    • 02:00 curation
[2026-05-10 22:16:26]    • 08:00 sabah brifing
[2026-05-10 22:16:26]    • 22:00 akşam özeti
[2026-05-10 22:16:26]    • 23:00 günlük özet
[2026-05-10 22:16:26]    • Her 2 saat: self-improvement
[2026-05-10 22:59:42] ⏹  Durduruluyor...
[2026-05-10 23:01:36] ============================================================
[2026-05-10 23:01:36] 🤖 JARVIS AUTO RUNNER — OPERATION OVERMIND
[2026-05-10 23:01:36] ============================================================
[2026-05-10 23:01:40] ⚠️  Server zaten çalışıyor — yeni instance başlatılmadı
[2026-05-10 23:01:40] ✅ Auto Runner aktif — Ctrl+C ile durdur
[2026-05-10 23:01:40] ============================================================
[2026-05-10 23:01:40] 📅 Scheduler aktif:
[2026-05-10 23:01:40]    • 02:00 curation
[2026-05-10 23:01:40]    • 08:00 sabah brifing
[2026-05-10 23:01:40]    • 22:00 akşam özeti
[2026-05-10 23:01:40]    • 23:00 günlük özet
[2026-05-10 23:01:40]    • Her 2 saat: self-improvement
[2026-05-11 01:01:40] 🔍 Self-improvement...
[2026-05-11 01:02:03] ✅ Improvement: done
[2026-05-11 02:00:03] 🌙 Curation başlıyor...
[2026-05-11 02:05:01] ✅ Curation tamam
[2026-05-11 03:02:31] 🔍 Self-improvement...
[2026-05-11 03:02:46] ✅ Improvement: done
[2026-05-11 05:02:46] 🔍 Self-improvement...
[2026-05-11 05:03:02] ✅ Improvement: done
[2026-05-11 07:03:02] 🔍 Self-improvement...
[2026-05-11 07:03:26] ✅ Improvement: done
[2026-05-11 08:00:26] 🌅 Sabah brifingi...
[2026-05-11 08:00:45] ✅ Brifing: Günaydın Ahmet Fırat,

Dün, proje işlemlerinizin tamamlanmasıyla ilgili son hızlı adımlar konusunda 
[2026-05-11 09:03:45] 🔍 Self-improvement...
[2026-05-11 09:04:18] ✅ Improvement: done
[2026-05-11 11:04:19] 🔍 Self-improvement...
[2026-05-11 11:04:37] ✅ Improvement: done
[2026-05-11 13:04:37] 🔍 Self-improvement...
[2026-05-11 13:05:03] ✅ Improvement: done
[2026-05-11 15:05:03] 🔍 Self-improvement...
[2026-05-11 15:05:28] ✅ Improvement: done
[2026-05-11 17:05:28] 🔍 Self-improvement...
[2026-05-11 17:05:52] ✅ Improvement: done
[2026-05-11 19:05:52] 🔍 Self-improvement...
[2026-05-11 19:06:18] ✅ Improvement: done
[2026-05-11 21:03:33] ⏹  Durduruluyor...
[2026-05-11 21:19:15] ============================================================
[2026-05-11 21:19:15] 🤖 JARVIS AUTO RUNNER — OPERATION OVERMIND
[2026-05-11 21:19:15] ============================================================
[2026-05-11 21:19:21] 🚀 Server başlatılıyor...
[2026-05-11 21:19:29] ✅ Auto Runner aktif — Ctrl+C ile durdur
[2026-05-11 21:19:29] ============================================================
[2026-05-11 21:19:29] 📅 Scheduler aktif:
[2026-05-11 21:19:29]    • 02:00 curation
[2026-05-11 21:19:29]    • 08:00 sabah brifing
[2026-05-11 21:19:29]    • 08:05 daily digest 🌅
[2026-05-11 21:19:29]    • 22:00 akşam özeti
[2026-05-11 21:19:29]    • 23:00 günlük özet
[2026-05-11 21:19:29]    • Her 2 saat: self-improvement
[2026-05-11 21:19:29]    • Pazartesi 03:00: memory cleanup 🧹
[2026-05-11 21:24:36] ❌ Server down — yeniden başlatılıyor
[2026-05-11 21:24:36] 🚀 Server başlatılıyor...
[2026-05-11 21:29:40] 💚 Health OK
[2026-05-11 21:34:44] 💚 Health OK
[2026-05-11 21:39:48] 💚 Health OK
[2026-05-11 21:44:52] 💚 Health OK
[2026-05-11 21:49:56] 💚 Health OK
[2026-05-11 21:54:14] ⏹  Durduruluyor...
[2026-05-11 21:55:14] ============================================================
[2026-05-11 21:55:14] 🤖 JARVIS AUTO RUNNER — OPERATION OVERMIND
[2026-05-11 21:55:14] ============================================================
[2026-05-11 21:55:18] ⚠️  Server zaten çalışıyor — yeni instance başlatılmadı
[2026-05-11 21:55:18] ✅ Auto Runner aktif — Ctrl+C ile durdur
[2026-05-11 21:55:18] ============================================================
[2026-05-11 21:55:18] 📅 Scheduler aktif:
[2026-05-11 21:55:18]    • 02:00 curation
[2026-05-11 21:55:18]    • 08:00 sabah brifing
[2026-05-11 21:55:18]    • 08:05 daily digest 🌅
[2026-05-11 21:55:18]    • 22:00 akşam özeti
[2026-05-11 21:55:18]    • 23:00 günlük özet
[2026-05-11 21:55:18]    • Her 2 saat: self-improvement
[2026-05-11 21:55:18]    • Pazartesi 03:00: memory cleanup 🧹
[2026-05-11 22:00:18] 🌙 Akşam özeti...
[2026-05-11 22:00:41] ✅ Özet: İyi akşamlar Ahmet Fırat,

Bugün öğrenilenler:
- Sen KPSS'ye hazırlanıyorsun ve Milli Mücadele dönem
[2026-05-11 22:15:27] ============================================================
[2026-05-11 22:15:27] 🤖 JARVIS AUTO RUNNER — OPERATION OVERMIND
[2026-05-11 22:15:27] ============================================================
[2026-05-11 22:15:34] 🚀 Server başlatılıyor...
[2026-05-11 22:15:42] ✅ Auto Runner aktif — Ctrl+C ile durdur
[2026-05-11 22:15:42] ============================================================
[2026-05-11 22:15:42] 📅 Scheduler aktif:
[2026-05-11 22:15:42]    • 02:00 curation
[2026-05-11 22:15:42]    • 08:00 sabah brifing
[2026-05-11 22:15:42]    • 08:05 daily digest 🌅
[2026-05-11 22:15:42]    • 22:00 akşam özeti
[2026-05-11 22:15:42]    • 23:00 günlük özet
[2026-05-11 22:15:42]    • Her 2 saat: self-improvement
[2026-05-11 22:15:42]    • Pazartesi 03:00: memory cleanup 🧹
[2026-05-11 22:18:58] ============================================================
[2026-05-11 22:18:58] 🤖 JARVIS AUTO RUNNER — OPERATION OVERMIND
[2026-05-11 22:18:58] ============================================================
[2026-05-11 22:19:04] 🚀 Server başlatılıyor...
[2026-05-11 22:19:12] ✅ Auto Runner aktif — Ctrl+C ile durdur
[2026-05-11 22:19:12] ============================================================
[2026-05-11 22:19:12] 📅 Scheduler aktif:
[2026-05-11 22:19:12]    • 02:00 curation
[2026-05-11 22:19:12]    • 08:00 sabah brifing
[2026-05-11 22:19:12]    • 08:05 daily digest 🌅
[2026-05-11 22:19:12]    • 22:00 akşam özeti
[2026-05-11 22:19:12]    • 23:00 günlük özet
[2026-05-11 22:19:12]    • Her 2 saat: self-improvement
[2026-05-11 22:19:12]    • Pazartesi 03:00: memory cleanup 🧹
[2026-05-11 22:20:49] ❌ Server down — yeniden başlatılıyor
[2026-05-11 22:20:49] 🚀 Server başlatılıyor...
[2026-05-11 22:24:16] 💚 Health OK
[2026-05-11 22:25:53] 💚 Health OK
[2026-05-11 22:29:20] 💚 Health OK
[2026-05-11 22:30:57] 💚 Health OK
[2026-05-11 22:34:24] 💚 Health OK
[2026-05-11 22:36:01] 💚 Health OK
[2026-05-11 22:39:29] 💚 Health OK
[2026-05-11 22:41:05] 💚 Health OK
[2026-05-11 22:44:33] 💚 Health OK
[2026-05-11 22:46:09] 💚 Health OK
[2026-05-11 22:49:37] 💚 Health OK
[2026-05-11 22:51:13] 💚 Health OK
[2026-05-11 22:54:41] 💚 Health OK
[2026-05-11 22:56:17] 💚 Health OK
[2026-05-11 22:59:45] 💚 Health OK
[2026-05-11 23:00:12] 📝 Günlük özet...
[2026-05-11 23:00:12] 📝 Günlük özet...
[2026-05-11 23:01:05] ✅ Özet tamam
[2026-05-11 23:01:21] 💚 Health OK
[2026-05-11 23:01:50] ✅ Özet tamam
[2026-05-11 23:04:49] 💚 Health OK
[2026-05-11 23:06:25] 💚 Health OK
[2026-05-11 23:09:53] 💚 Health OK
[2026-05-11 23:11:30] 💚 Health OK
[2026-05-11 23:14:57] 💚 Health OK
[2026-05-11 23:16:34] 💚 Health OK
[2026-05-11 23:20:01] 💚 Health OK
[2026-05-11 23:21:38] 💚 Health OK
[2026-05-11 23:25:05] 💚 Health OK
[2026-05-11 23:26:42] 💚 Health OK
[2026-05-11 23:30:09] 💚 Health OK
[2026-05-11 23:31:46] 💚 Health OK
[2026-05-11 23:35:13] 💚 Health OK
[2026-05-11 23:36:50] 💚 Health OK
[2026-05-11 23:40:17] 💚 Health OK
[2026-05-11 23:41:54] 💚 Health OK
[2026-05-11 23:45:21] 💚 Health OK
[2026-05-11 23:46:58] 💚 Health OK
[2026-05-11 23:50:25] 💚 Health OK
[2026-05-11 23:52:02] 💚 Health OK
[2026-05-11 23:55:29] 💚 Health OK
[2026-05-11 23:57:06] 💚 Health OK
[2026-05-12 00:00:33] 💚 Health OK
[2026-05-12 00:02:10] 💚 Health OK
[2026-05-12 00:05:38] 💚 Health OK
[2026-05-12 00:07:14] 💚 Health OK
[2026-05-12 00:10:42] 💚 Health OK
[2026-05-12 00:12:18] 💚 Health OK
[2026-05-12 00:15:46] 💚 Health OK
[2026-05-12 00:16:05] 🔍 Self-improvement...
[2026-05-12 00:16:27] ✅ Improvement: done
[2026-05-12 00:17:22] 💚 Health OK
[2026-05-12 00:19:20] 🔍 Self-improvement...
[2026-05-12 00:19:50] ✅ Improvement: done
[2026-05-12 00:20:50] 💚 Health OK
[2026-05-12 00:22:26] 💚 Health OK
[2026-05-12 00:22:40] ⏹  Durduruluyor...
[2026-05-12 17:34:42] ============================================================
[2026-05-12 17:34:42] 🤖 JARVIS AUTO RUNNER — OPERATION OVERMIND
[2026-05-12 17:34:42] ============================================================
[2026-05-12 17:34:48] 🚀 Server başlatılıyor...
[2026-05-12 17:34:56] ✅ Auto Runner aktif — Ctrl+C ile durdur
[2026-05-12 17:34:56] ============================================================
[2026-05-12 17:34:56] 📅 Scheduler aktif:
[2026-05-12 17:34:56]    • 02:00 curation
[2026-05-12 17:34:56]    • 08:00 sabah brifing
[2026-05-12 17:34:56]    • 08:05 daily digest 🌅
[2026-05-12 17:34:56]    • 22:00 akşam özeti
[2026-05-12 17:34:56]    • 23:00 günlük özet
[2026-05-12 17:34:56]    • Her 2 saat: self-improvement
[2026-05-12 17:34:56]    • Pazartesi 03:00: memory cleanup 🧹
[2026-05-12 17:40:02] ❌ Server down — yeniden başlatılıyor
[2026-05-12 17:40:02] 🚀 Server başlatılıyor...
[2026-05-12 17:45:08] ❌ Server down — yeniden başlatılıyor
[2026-05-12 17:45:08] 🚀 Server başlatılıyor...
[2026-05-12 17:50:12] 💚 Health OK
[2026-05-12 17:55:16] 💚 Health OK
[2026-05-12 18:00:20] 💚 Health OK
[2026-05-12 18:05:24] 💚 Health OK
[2026-05-12 18:10:28] 💚 Health OK
[2026-05-12 18:15:32] 💚 Health OK
[2026-05-12 18:20:37] 💚 Health OK
[2026-05-12 18:25:41] 💚 Health OK
[2026-05-12 18:30:45] 💚 Health OK
[2026-05-12 18:35:52] ❌ Server down — yeniden başlatılıyor
[2026-05-12 18:35:52] 🚀 Server başlatılıyor...
[2026-05-12 18:40:56] 💚 Health OK
[2026-05-12 18:46:00] 💚 Health OK
[2026-05-12 18:51:04] 💚 Health OK
[2026-05-12 18:56:08] 💚 Health OK
[2026-05-12 19:01:12] 💚 Health OK
[2026-05-12 19:06:16] 💚 Health OK
[2026-05-12 19:11:20] 💚 Health OK
[2026-05-12 19:16:24] 💚 Health OK
